rtn     : -1
errno   : 28
strerror: Invalid argument
