Success

Fatal error in FS.readFile
Aborted(native code called abort())
Fatal error in FS.readFile
Aborted(native code called abort())
